<type>
v : Int -&gt; haxe.ds.Option&lt;Int&gt;
</type>