MainVar.hx:3: characters 2-5 : Missing variable identifier