Main1.hx:7: characters 21-24 : Unknown identifier : foo