Main1.hx:3: characters 18-32 : { b : Int, a : Int } has extra field b